// Use this file to add any extra symbol linkages not included in BrawlHeaders.
// The format of linkages depends on where the target symbol resides:
//  - Rels: "RelID,RelSectionId,offset:symbol_name"
//  - Global: "address:symbol_name"

// graphics stuff
801f1088:GXBegin
801f4774:GXSetZMode
801f136c:GXSetCullMode
801f3fd8:GXSetAlphaCompare
801f12fc:GXSetPointSize
801f12ac:GXSetLineWidth
80018de4:setGX__8gfCameraFv

// GF/gf_draw
8001abbc:gfDrawSetupCoord2D__Fv
8001a5c0:gfDrawSetVtxPosColorPrimEnvironment__Fv
8001a7b0:gfDrawSetVtxPosColorTexPrimEnvironment__Fv
8001a980:gfDrawResetLight__Fv


// ms::CharWriter
8006ebcc:__ct__Q22ms10CharWriterFv
8006ee1c:__dt__Q22ms10CharWriterFv
8006fe50:Print__Q22ms10CharWriterFUs
8006eeec:SetupGX__Q22ms10CharWriterFv
8006eeec:SetupGXWithColorMapping__Q22ms10CharWriterFQ34nw4r2ut5ColorQ34nw4r2ut5Color
8006ffb0:SetCursor__Q22ms10CharWriterFff
8006ffbc:SetCursor__Q22ms10CharWriterFfff
8006ffcc:SetCursorX__Q22ms10CharWriterFf
8006ffd4:SetCursorY__Q22ms10CharWriterFf
8006ffdc:SetCursorZ__Q22ms10CharWriterFf
8006ab20:SetEdge__Q22ms10CharWriterFfQ34nw4r2ut5Color
8006fe48:SetFixedWidth__Q22ms10CharWriterFf
8006fc60:SetScale__Q22ms10CharWriterFff
8006fc6c:SetScale__Q22ms10CharWriterFf
8006fadc:SetAlpha__Q22ms10CharWriterFuc
8006f944:SetColorMapping__Q22ms10CharWriterFQ34nw4r2ut5ColorQ34nw4r2ut5Color
8006fadc:SetTextColor__Q22ms10CharWriterFQ34nw4r2ut5Color
8006fe38:EnableFixedWidth__Q22ms10CharWriterFb
8006ffe4:MoveCursorX__Q22ms10CharWriterFf
8006fff4:MoveCursorY__Q22ms10CharWriterFf

8006fc88:getAdjustFontScale__ms10CharWrifterCFv
80070004:GetCursorX__ms10CharWriterCFv
8007000c:GetCursorY__ms10CharWriterCFv
80070014:GetCursorZ__ms10CharWriterCFv
8006fe40:GetFixedWidth__ms10CharWriterCfv
8006eee4:GetFont__ms10CharWriterCFv
8006fd60:GetFontAscent__ms10CharWriterCFv
8006fdc8:GetFontDescent_ms10CharWriterCFv
8006fcf8:GetFontHeight__ms10CharWriterCFv
8006fc90:GetFontWidth__ms10CharWriterCFv
8006fc78:GetScaleH__ms10CharWriterCFv
8006fc80:GetScaleV__ms10CharWriterCFv
8006fc3c:GetTextColor__ms10CharWriterCFv
8006fe50:Print__ms10CharWRiterFUs
8007001c:PrintGlyph__ms10CharWriterFfffCPv